ASxxxx Linker V03.00 + NoICE + sdld,  page 1.
Hexadecimal  [32-Bits]

Area                                    Addr        Size        Decimal Bytes (Attributes)
--------------------------------        ----        ----        ------- ----- ------------
.  .ABS.                            00000000    00000000 =           0. bytes (ABS,CON)

      Value  Global                              Global Defined In Module
      -----  --------------------------------   ------------------------
     00000000  .__.ABS.                           
     00000000  l__BSEG                         
     00000000  l__BSS                          
     00000000  l__CABS                         
     00000000  l__DABS                         
     00000000  l__HEADER                       
     00000000  l__HEAP                         
     00000000  l__HOME                         
     00000000  s__CABS                         
     00000000  s__CABS0                        
     00000000  s__CABS1                        
     00000000  s__CABS2                        
     00000000  s__CABS3                        
     00000000  s__CABS4                        
     00000000  s__DABS                         
     00000000  s__HEADER                       
     00000000  s__HEADER0                      
     00000000  s__HEADER1                      
     00000000  s__HEADER2                      
     00000000  s__HEADER3                      
     00000000  s__HEADER4                      
     00000000  s__HEADER5                      
     00000001  l__GSFINAL                      
     00000003  l__HEADER3                      
     00000003  l__HEADER4                      
     00000005  l__BANK3                        
     00000006  l__BANK14                       
     00000006  l__BANK15                       
     00000006  l__HEADER0                      
     00000009  l__HEADER1                      
     0000000A  l__CABS2                        
     0000000A  l__HEADER2                      
     0000000E  l__CABS1                        
     0000000F  l__GSINIT                       
     00000010  l__CABS0                        
     00000010  l__CABS4                        
     00000033  l__CABS3                        
     0000012A  l__HEADER5                      
     00000200  s__CODE                         
     00000259  l__DATA                         
     0000036C  l__INITIALIZED                  
     0000036C  l__INITIALIZER                  
     00001278  l__BANK10                       
     00001286  l__BANK2                        
     00001C47  l__BANK6                        
     00001F11  l__BANK8                        
     00002029  l__BANK7                        
     000021FB  l__BANK11                       
     00002398  l__BANK12                       
     000026D4  l__BANK9                        
ASxxxx Linker V03.00 + NoICE + sdld,  page 2.
Hexadecimal  [32-Bits]

Area                                    Addr        Size        Decimal Bytes (Attributes)
--------------------------------        ----        ----        ------- ----- ------------
.  .ABS.                            00000000    00000000 =           0. bytes (ABS,CON)

      Value  Global                              Global Defined In Module
      -----  --------------------------------   ------------------------
     00002EE0  l__BANK4                        
     00002EE0  l__BANK5                        
     00003E1B  l__BANK13                       
     000079A5  l__CODE                         
     00007BA5  s__HOME                         
     00007BA5  s__INITIALIZER                  
     00007F11  s__GSINIT                       
     00007F20  s__GSFINAL                      
     00008000  _SMS_SRAM                          SMSlib_PSGaiden
     00008000  s__BANK10                       
     00008000  s__BANK11                       
     00008000  s__BANK12                       
     00008000  s__BANK13                       
     00008000  s__BANK14                       
     00008000  s__BANK15                       
     00008000  s__BANK2                        
     00008000  s__BANK3                        
     00008000  s__BANK4                        
     00008000  s__BANK5                        
     00008000  s__BANK6                        
     00008000  s__BANK7                        
     00008000  s__BANK8                        
     00008000  s__BANK9                        
     0000C000  s__DATA                         
     0000C259  s__INITIALIZED                  
     0000C5C5  s__BSEG                         
     0000C5C5  s__BSS                          
     0000C5C5  s__HEAP                         
     0000FFFC  _SRAM_bank_to_be_mapped_on_slot2   SMSlib_PSGaiden
     0000FFFF  _ROM_bank_to_be_mapped_on_slot2    SMSlib_PSGaiden

ASxxxx Linker V03.00 + NoICE + sdld,  page 3.
Hexadecimal  [32-Bits]

Area                                    Addr        Size        Decimal Bytes (Attributes)
--------------------------------        ----        ----        ------- ----- ------------
_CODE                               00000200    000079A5 =       31141. bytes (REL,CON)

      Value  Global                              Global Defined In Module
      -----  --------------------------------   ------------------------
     00000200  __clock                            crt0
     00000204  _exit                              crt0
     0000020A  _main                              main
     0000027B  _PSGStop                           PSGlib
     000002A2  _PSGResume                         PSGlib
     000002EE  _PSGPlay                           PSGlib
     0000031B  _PSGCancelLoop                     PSGlib
     00000321  _PSGPlayNoRepeat                   PSGlib
     00000330  _PSGGetStatus                      PSGlib
     00000338  _PSGSilenceChannels                PSGlib
     00000349  _PSGRestoreVolumes                 PSGlib
     00000448  _PSGSetMusicVolumeAttenuation      PSGlib
     00000537  _PSGSFXStop                        PSGlib
     00000601  _PSGSFXPlay                        PSGlib
     0000064E  _PSGSFXCancelLoop                  PSGlib
     00000654  _PSGSFXGetStatus                   PSGlib
     0000065C  _PSGSFXPlayLoop                    PSGlib
     0000067D  _PSGFrame                          PSGlib
     00000796  _PSGSFXFrame                       PSGlib
     0000081C  _devkit_SMS_init                   _sms_manager
     0000081F  _devkit_SMS_displayOn              _sms_manager
     00000825  _devkit_SMS_displayOff             _sms_manager
     0000082B  _devkit_SMS_mapROMBank             _sms_manager
     00000834  _devkit_SMS_enableSRAM             _sms_manager
     0000083A  _devkit_SMS_enableSRAMBank         _sms_manager
     00000849  _devkit_SMS_disableSRAM            _sms_manager
     0000084F  _devkit_SMS_SRAM                   _sms_manager
     00000853  _devkit_SMS_setSpriteMode          _sms_manager
     0000085F  _devkit_SMS_useFirstHalfTilesfor   _sms_manager
     00000864  _devkit_SMS_useFirstHalfTilesfor   _sms_manager
     00000869  _devkit_SMS_VDPturnOnFeature       _sms_manager
     00000870  _devkit_SMS_loadPSGaidencompress   _sms_manager
     00000886  _devkit_SMS_loadSTMcompressedTil   _sms_manager
     000008A7  _devkit_SMS_loadBGPalette          _sms_manager
     000008AE  _devkit_SMS_loadSpritePalette      _sms_manager
     000008B5  _devkit_SMS_setSpritePaletteColo   _sms_manager
     000008DD  _devkit_SMS_setNextTileatXY        _sms_manager
     00000906  _devkit_SMS_setTile                _sms_manager
     0000090D  _devkit_SMS_setTilePriority        _sms_manager
     0000091E  _devkit_SMS_addSprite              _sms_manager
     00000939  _devkit_SMS_initSprites            _sms_manager
     0000093C  _devkit_SMS_finalizeSprites        _sms_manager
     0000093F  _devkit_SMS_waitForVBlank          _sms_manager
     00000942  _devkit_SMS_copySpritestoSAT       _sms_manager
     00000945  _devkit_UNSAFE_SMS_copySpritesto   _sms_manager
     00000948  _devkit_SMS_queryPauseRequested    _sms_manager
     0000094B  _devkit_SMS_resetPauseRequest      _sms_manager
     0000094E  _devkit_isCollisionDetected        _sms_manager
     00000955  _devkit_SMS_getKeysStatus          _sms_manager
     00000958  _devkit_SPRITEMODE_NORMAL          _sms_manager
ASxxxx Linker V03.00 + NoICE + sdld,  page 4.
Hexadecimal  [32-Bits]

Area                                    Addr        Size        Decimal Bytes (Attributes)
--------------------------------        ----        ----        ------- ----- ------------
_CODE                               00000200    000079A5 =       31141. bytes (REL,CON)

      Value  Global                              Global Defined In Module
      -----  --------------------------------   ------------------------
     0000095B  _devkit_VDPFEATURE_HIDEFIRSTCOL    _sms_manager
     0000095F  _devkit_TILE_PRIORITY              _sms_manager
     00000963  _devkit_TILE_USE_SPRITE_PALETTE    _sms_manager
     000009B2  _devkit_PSGPlay                    _snd_manager
     000009BC  _devkit_PSGPlayNoRepeat            _snd_manager
     000009C6  _devkit_PSGStop                    _snd_manager
     000009C9  _devkit_PSGResume                  _snd_manager
     000009CC  _devkit_PSGGetStatus               _snd_manager
     000009CF  _devkit_PSGSetMusicVolumeAttenua   _snd_manager
     000009DB  _devkit_PSGSFXPlay                 _snd_manager
     000009F0  _devkit_PSGSFXStop                 _snd_manager
     000009F3  _devkit_PSGSFXGetStatus            _snd_manager
     000009F6  _devkit_PSGSilenceChannels         _snd_manager
     000009F9  _devkit_PSGRestoreVolumes          _snd_manager
     000009FC  _devkit_PSGFrame                   _snd_manager
     000009FF  _devkit_PSGSFXFrame                _snd_manager
     00000A02  _devkit_SFX_CHANNEL2               _snd_manager
     00000A05  _devkit_SFX_CHANNEL3               _snd_manager
     00000A08  _devkit_SFX_CHANNELS2AND3          _snd_manager
     00000A0B  _engine_asm_manager_clear_VRAM     asm_manager
     00000A21  _engine_audio_manager_music_play   audio_manager
     00000A5A  _engine_audio_manager_music_play   audio_manager
     00000A8D  _engine_audio_manager_music_resu   audio_manager
     00000A99  _engine_audio_manager_music_stop   audio_manager
     00000A9C  _engine_audio_manager_sfx_play     audio_manager
     00000ACF  _engine_board_manager_border       board_manager
     00000B83  _engine_board_manager_toggle       board_manager
     00000BF2  _engine_board_manager_side_tile    board_manager
     00000C10  _engine_board_manager_midd_text    board_manager
     00000C79  _engine_boss_manager_init          boss_manager
     00000D1F  _engine_boss_manager_setup         boss_manager
     00000D9F  _engine_boss_manager_load          boss_manager
     00000FDF  _engine_boss_manager_update        boss_manager
     0000111D  _engine_boss_manager_draw          boss_manager
     00001194  _engine_boss_manager_move          boss_manager
     000011BD  _engine_boss_manager_stop          boss_manager
     000011E7  _engine_boss_manager_dead          boss_manager
     00001217  _engine_boss_manager_scatter_dir   boss_manager
     00001332  _engine_boss_manager_gohome_dire   boss_manager
     00001335  _engine_boss_manager_content       boss_manager
     00001378  _engine_boss_manager_index         boss_manager
     00001422  _engine_collision_manager_sprite   collision_manager
     000014D0  _engine_collision_manager_tile_c   collision_manager
     000015D4  _engine_collision_manager_reset_   collision_manager
     00001639  _engine_content_manager_load_til   content_manager
     0000164F  _engine_content_manager_load_til   content_manager
     00001665  _engine_content_manager_load_til   content_manager
     00001683  _engine_content_manager_load_til   content_manager
     000016AE  _engine_content_manager_load_spr   content_manager
     000016C4  _engine_enemy_manager_init         enemy_manager
     000017E9  _engine_enemy_manager_load         enemy_manager
ASxxxx Linker V03.00 + NoICE + sdld,  page 5.
Hexadecimal  [32-Bits]

Area                                    Addr        Size        Decimal Bytes (Attributes)
--------------------------------        ----        ----        ------- ----- ------------
_CODE                               00000200    000079A5 =       31141. bytes (REL,CON)

      Value  Global                              Global Defined In Module
      -----  --------------------------------   ------------------------
     00001B03  _engine_enemy_manager_stance       enemy_manager
     00001B2A  _engine_enemy_manager_dohand       enemy_manager
     00001B75  _engine_enemy_manager_update       enemy_manager
     00001C9D  _engine_enemy_manager_draw         enemy_manager
     00001CD6  _engine_enemy_manager_draws        enemy_manager
     00001D07  _engine_enemy_manager_hide         enemy_manager
     00001D51  _engine_enemy_manager_move         enemy_manager
     00001D7E  _engine_enemy_manager_pace         enemy_manager
     00001DC4  _engine_enemy_manager_stop         enemy_manager
     00001E19  _engine_enemy_manager_dead         enemy_manager
     00001E4D  _engine_enemy_manager_reset_home   enemy_manager
     00001EB6  _engine_enemy_manager_reset_mode   enemy_manager
     00001F43  _engine_enemy_manager_frame        enemy_manager
     00001F72  _engine_enemy_manager_image        enemy_manager
     00001FA1  _engine_enemy_manager_images       enemy_manager
     00001FC8  _engine_enemy_manager_debug        enemy_manager
     00001FF3  _engine_enemy_manager_scatter_di   enemy_manager
     00002123  _engine_enemy_manager_gohome_dir   enemy_manager
     00002191  _engine_enemy_manager_attack_dir   enemy_manager
     000022D9  _engine_enemy_manager_input_boos   enemy_manager
     000024B9  _engine_font_manager_draw_char     font_manager
     000024E5  _engine_font_manager_draw_text     font_manager
     00002537  _engine_font_manager_draw_data     font_manager
     000025C2  _engine_function_manager_convert   function_manager
     000025EC  _engine_function_manager_convert   function_manager
     00002621  _engine_function_manager_convert   function_manager
     00002646  _engine_function_manager_convert   function_manager
     0000265F  _engine_gamer_manager_init         gamer_manager
     000026C8  _engine_gamer_manager_stance       gamer_manager
     000026D0  _engine_gamer_manager_load         gamer_manager
     00002710  _engine_gamer_manager_update       gamer_manager
     000027F6  _engine_gamer_manager_draw         gamer_manager
     00002815  _engine_gamer_manager_draws        gamer_manager
     0000282D  _engine_gamer_manager_hide         gamer_manager
     0000285A  _engine_gamer_manager_draw_death   gamer_manager
     00002888  _engine_gamer_manager_hide_death   gamer_manager
     000028A9  _engine_gamer_manager_move         gamer_manager
     000028DC  _engine_gamer_manager_wrap         gamer_manager
     0000291A  _engine_gamer_manager_pace         gamer_manager
     00002958  _engine_gamer_manager_stop         gamer_manager
     000029A6  _engine_gamer_manager_dead         gamer_manager
     000029BD  _engine_gamer_manager_reset        gamer_manager
     000029F9  _engine_gamer_manager_frame        gamer_manager
     00002A05  _engine_gamer_manager_image        gamer_manager
     00002A11  _engine_gamer_manager_images       gamer_manager
     00002A21  _engine_gamer_manager_find_direc   gamer_manager
     00002AD9  _engine_gamer_manager_input_boos   gamer_manager
     00002BB3  _engine_hack_manager_init          hack_manager
     00002BFF  _engine_hack_manager_load          hack_manager
     00002C6A  _engine_hack_manager_invert        hack_manager
     00002D33  _engine_input_manager_update       input_manager
ASxxxx Linker V03.00 + NoICE + sdld,  page 6.
Hexadecimal  [32-Bits]

Area                                    Addr        Size        Decimal Bytes (Attributes)
--------------------------------        ----        ----        ------- ----- ------------
_CODE                               00000200    000079A5 =       31141. bytes (REL,CON)

      Value  Global                              Global Defined In Module
      -----  --------------------------------   ------------------------
     00002D40  _engine_input_manager_hold         input_manager
     00002D6D  _engine_input_manager_move         input_manager
     00002D78  _engine_input_manager_direction    input_manager
     00002DEA  _engine_level_manager_clear        level_manager
     00002E14  _engine_level_manager_load_level   level_manager
     00002EA7  _engine_level_manager_temp_level   level_manager
     00002EE0  _engine_level_manager_load_oneup   level_manager
     00002F3B  _engine_level_manager_directions   level_manager
     00002FA8  _engine_level_manager_draw_level   level_manager
     00002FE2  _engine_level_manager_draw_middl   level_manager
     00002FFE  _engine_level_manager_beat_level   level_manager
     0000301F  _engine_level_manager_blank_tile   level_manager
     0000307B  _engine_level_manager_get_collis   level_manager
     000030BF  _engine_level_manager_get_direct   level_manager
     000030F7  _engine_level_manager_get_tile_t   level_manager
     0000313A  _engine_level_manager_get_next_t   level_manager
     000031AC  _engine_level_manager_get_next_i   level_manager
     00003204  _engine_level_manager_test_direc   level_manager
     0000340C  _engine_locale_manager_draw_text   locale_manager
     00003431  _engine_main_manager_init          main_manager
     0000343A  _engine_main_manager_load          main_manager
     00003453  _engine_main_manager_save          main_manager
     00003456  _engine_memo_manager_draw          memo_manager
     00003479  _engine_memo_manager_pass          memo_manager
     00003490  _engine_memo_manager_levels        memo_manager
     000034E0  _engine_memo_manager_option        memo_manager
     00003581  _engine_memo_manager_debugging     memo_manager
     000035C1  _engine_move_manager_get_directi   move_manager
     00003653  _engine_move_manager_what_direct   move_manager
     00003764  _engine_move_manager_gothru_exit   move_manager
     000037E6  _engine_move_manager_border_exit   move_manager
     0000382E  _engine_move_manager_inside_exit   move_manager
     00003880  _engine_move_manager_opposite_di   move_manager
     000038B2  _engine_option_manager_init        option_manager
     000038DF  _engine_option_manager_update      option_manager
     00003969  _engine_option_manager_clear       option_manager
     0000399B  _engine_option_manager_draw_acto   option_manager
     00003A03  _engine_option_manager_text_kid    option_manager
     00003A33  _engine_option_manager_text_kid_   option_manager
     00003A57  _engine_option_manager_text_enem   option_manager
     00003AA2  _engine_option_manager_text_enem   option_manager
     00003AD9  _engine_option_manager_text_star   option_manager
     00003B10  _engine_option_manager_draw_bonu   option_manager
     00003B91  _engine_option_manager_draw_cand   option_manager
     00003BDD  _engine_option_manager_text_tree   option_manager
     00003C1B  _engine_option_manager_text_exit   option_manager
     00003C53  _engine_option_manager_option_tr   option_manager
     00003C69  _engine_option_manager_option_ex   option_manager
     00003C95  _engine_option_manager_text_othe   option_manager
     00003CD7  _engine_option_manager_option_wo   option_manager
     00003D01  _engine_option_manager_option_ro   option_manager
ASxxxx Linker V03.00 + NoICE + sdld,  page 7.
Hexadecimal  [32-Bits]

Area                                    Addr        Size        Decimal Bytes (Attributes)
--------------------------------        ----        ----        ------- ----- ------------
_CODE                               00000200    000079A5 =       31141. bytes (REL,CON)

      Value  Global                              Global Defined In Module
      -----  --------------------------------   ------------------------
     00003D2C  _engine_option_manager_option_di   option_manager
     00003D47  _engine_score_manager_text         score_manager
     00003D73  _engine_score_manager_init         score_manager
     00003DA1  _engine_score_manager_load         score_manager
     00003DEB  _engine_score_manager_get_candy    score_manager
     00003DF0  _engine_score_manager_get_oneup    score_manager
     00003DF5  _engine_score_manager_get_bonus    score_manager
     00003E05  _engine_score_manager_get_value    score_manager
     00003E12  _engine_score_manager_finish_bon   score_manager
     00003E1D  _engine_score_manager_update_bon   score_manager
     00003E51  _engine_score_manager_update_can   score_manager
     00003E60  _engine_score_manager_update_one   score_manager
     00003E6F  _engine_score_manager_update_liv   score_manager
     00003E7B  _engine_score_manager_update_boo   score_manager
     00003EAB  _engine_score_manager_draw_init    score_manager
     00003EC8  _engine_score_manager_draw_load    score_manager
     00003ED9  _engine_score_manager_update_lev   score_manager
     00003F09  _engine_score_manager_reset_live   score_manager
     00003F1C  _engine_score_manager_reset_boos   score_manager
     0000403A  _engine_screen_manager_init        screen_manager
     00004048  _engine_screen_manager_update      screen_manager
     000041F5  _engine_sprite_manager_draw_enti   sprite_manager
     00004266  _engine_sprite_manager_draw_boss   sprite_manager
     000042C1  _engine_sprite_manager_draw_boss   sprite_manager
     00004341  _engine_state_manager_init         state_manager
     00004384  _engine_state_manager_fight        state_manager
     00004392  _engine_storage_manager_availabl   storage_manager
     000043C1  _engine_storage_manager_read       storage_manager
     00004445  _engine_storage_manager_write      storage_manager
     000044DB  _engine_storage_manager_erase      storage_manager
     00004541  _engine_delay_manager_load         timer_manager
     00004569  _engine_delay_manager_update       timer_manager
     0000458B  _engine_delay_manager_draw         timer_manager
     00004599  _engine_frame_manager_load         timer_manager
     000045A0  _engine_frame_manager_update       timer_manager
     000045B7  _engine_frame_manager_draw         timer_manager
     000045C5  _engine_reset_manager_load         timer_manager
     000045D5  _engine_reset_manager_update       timer_manager
     000045F0  _engine_reset_manager_reset        timer_manager
     000045F6  _engine_tile_manager_load_tile     tile_manager
     0000464B  _engine_tile_manager_load_coll     tile_manager
     00004662  _engine_tile_manager_draw_tile     tile_manager
     000046FC  _engine_tile_manager_draw_blank    tile_manager
     0000472F  _engine_tile_manager_draw_candy    tile_manager
     00004757  _engine_tile_manager_draw_trees    tile_manager
     00004774  _engine_tile_manager_draw_bonus    tile_manager
     000047A9  _engine_tile_manager_draw_oneup    tile_manager
     000047BE  _engine_tile_manager_draw_cross    tile_manager
     000047DD  _engine_tile_manager_draw_sides    tile_manager
     000047F2  _engine_tile_manager_main_title    tile_manager
     00004877  _engine_tile_manager_main_candy    tile_manager
ASxxxx Linker V03.00 + NoICE + sdld,  page 8.
Hexadecimal  [32-Bits]

Area                                    Addr        Size        Decimal Bytes (Attributes)
--------------------------------        ----        ----        ------- ----- ------------
_CODE                               00000200    000079A5 =       31141. bytes (REL,CON)

      Value  Global                              Global Defined In Module
      -----  --------------------------------   ------------------------
     0000489F  _engine_tile_manager_main_gamer    tile_manager
     000048B4  _engine_tile_manager_funk_trees    tile_manager
     00004A01  _music_object_bank                 audio_object
     00004A0C  _board_object_posnX                board_object
     00004A1A  _board_object_posnY                board_object
     00004A28  _board_object_homeX                board_object
     00004A2C  _board_object_homeY                board_object
     00004A30  _board_object_wide                 board_object
     00004A32  _board_object_rght                 board_object
     00004A34  _board_object_left                 board_object
     00004A36  _board_object_midd                 board_object
     00004A38  _board_object_exitX                board_object
     00004A40  _board_object_exitY                board_object
     00004A48  _boss_object_bank                  boss_object
     00004A51  _boss_object_tileX                 boss_object
     00004A55  _boss_object_tileY                 boss_object
     00004A59  _enemy_object_image                enemy_object
     00004A65  _enemy_object_speed                enemy_object
     00004A7D  _enemy_object_delay                enemy_object
     00004A95  _enemy_object_hands                enemy_object
     00004AA1  _enemy_object_waits                enemy_object
     00004AAD  _enemy_object_tours                enemy_object
     00004AB9  _enemy_object_kills                enemy_object
     00004AC5  _gamer_object_image                gamer_object
     00004ACB  _gamer_object_speed                gamer_object
     00004ACF  _gamer_object_delay                gamer_object
     00004AD3  _move_object_directions            move_object
     00004AF3  _level_object_AAsize               level_object
     00004B57  _level_object_AAbank               level_object
     00004BBB  _level_object_BBsize               level_object
     00004C1F  _level_object_BBbank               level_object
     00004C83  _locale_object_blank14             locale_object
     00004E25  _screen_none_screen_load           none_screen
     00004E26  _screen_none_screen_update         none_screen
     00004E2D  _screen_splash_screen_load         splash_screen
     00004E48  _screen_splash_screen_update       splash_screen
     00004EBE  _screen_begin_screen_load          begin_screen
     00004F06  _screen_begin_screen_update        begin_screen
     00004F18  _screen_title_screen_load          title_screen
     00004F93  _screen_title_screen_update        title_screen
     0000506E  _screen_start_screen_init          start_screen
     00005074  _screen_start_screen_load          start_screen
     000050C2  _screen_start_screen_update        start_screen
     0000521D  _screen_init_screen_load           init_screen
     00005245  _screen_init_screen_update         init_screen
     0000524C  _screen_load_screen_load           load_screen
     0000528D  _screen_load_screen_update         load_screen
     0000530B  _screen_ready_screen_load          ready_screen
     00005311  _screen_ready_screen_update        ready_screen
     0000531E  _screen_play_screen_load           play_screen
     0000536A  _screen_play_screen_update         play_screen
ASxxxx Linker V03.00 + NoICE + sdld,  page 9.
Hexadecimal  [32-Bits]

Area                                    Addr        Size        Decimal Bytes (Attributes)
--------------------------------        ----        ----        ------- ----- ------------
_CODE                               00000200    000079A5 =       31141. bytes (REL,CON)

      Value  Global                              Global Defined In Module
      -----  --------------------------------   ------------------------
     00005673  _screen_pass_screen_load           pass_screen
     000056D4  _screen_pass_screen_update         pass_screen
     000057BB  _screen_dead_screen_load           dead_screen
     00005829  _screen_dead_screen_update         dead_screen
     000059E5  _screen_cont_screen_load           cont_screen
     00005A05  _screen_cont_screen_update         cont_screen
     00005BA3  _screen_over_screen_load           over_screen
     00005BD2  _screen_over_screen_update         over_screen
     00005C1A  _screen_prep_screen_load           prep_screen
     00005C6D  _screen_prep_screen_update         prep_screen
     00005D6B  _screen_fight_screen_load          fight_screen
     00005D6E  _screen_fight_screen_update        fight_screen
     00005D7B  _screen_boss_screen_load           boss_screen
     00005D9E  _screen_boss_screen_update         boss_screen
     00005FD9  _screen_beat_screen_load           beat_screen
     00006028  _screen_beat_screen_update         beat_screen
     0000610A  _screen_option_screen_init         option_screen
     0000611A  _screen_option_screen_load         option_screen
     000061CC  _screen_option_screen_update       option_screen
     0000654D  _font_tiles__palette__bin          gfx
     0000655D  _font_tiles__tilemap__bin          gfx
     000065DD  _font_tiles__tiles__psgcompr       gfx
     00006874  _game_tiles__palette__bin          gfx
     00006884  _game_tiles__tilemap__bin          gfx
     00006954  _game_tiles__tiles__psgcompr       gfx
     00006EB4  _sprites__palette__bin             gfx
     00006EC4  _sprites__tiles__psgcompr          gfx
     00007306  _sfx_accept_psg                    psg
     00007326  _sfx_death01_psg                   psg
     00007344  _sfx_death02_psg                   psg
     00007362  _sfx_death03_psg                   psg
     00007380  _sfx_over_psg                      psg
     000073C0  _sfx_power_psg                     psg
     000073E3  _sfx_reset_psg                     psg
     00007406  __divuint                          
     0000740E  __divuchar                         
     00007415  __divu8                            
     00007418  __divu16                           
     00007447  _UNSAFE_SMS_copySpritestoSAT       SMSlib_UNSAFE
     0000745F  _UNSAFE_SMS_VRAMmemcpy32           SMSlib_UNSAFE
     0000747C  _UNSAFE_SMS_VRAMmemcpy64           SMSlib_UNSAFE
     00007499  _UNSAFE_SMS_VRAMmemcpy128          SMSlib_UNSAFE
     000074B6  _SMS_init                          SMSlib
     0000750A  _VDPReg_init                       SMSlib
     00007515  _SMS_VDPType                       SMSlib
     0000751D  _SMS_VDPturnOnFeature              SMSlib
     00007534  _SMS_VDPturnOffFeature             SMSlib
     0000754D  _SMS_setBGScrollX                  SMSlib
     00007557  _SMS_setBGScrollY                  SMSlib
     00007561  _SMS_setBackdropColor              SMSlib
     0000756B  _SMS_useFirstHalfTilesforSprites   SMSlib
ASxxxx Linker V03.00 + NoICE + sdld,  page 10.
Hexadecimal  [32-Bits]

Area                                    Addr        Size        Decimal Bytes (Attributes)
--------------------------------        ----        ----        ------- ----- ------------
_CODE                               00000200    000079A5 =       31141. bytes (REL,CON)

      Value  Global                              Global Defined In Module
      -----  --------------------------------   ------------------------
     0000757F  _SMS_setSpriteMode                 SMSlib
     000075C4  _SMS_setBGPaletteColor             SMSlib
     000075D8  _SMS_setSpritePaletteColor         SMSlib
     000075EC  _SMS_loadBGPalette                 SMSlib
     00007600  _SMS_loadSpritePalette             SMSlib
     00007614  _SMS_setColor                      SMSlib
     00007618  _SMS_initSprites                   SMSlib
     0000761E  _SMS_addSprite                     SMSlib
     00007673  _SMS_finalizeSprites               SMSlib
     00007685  _SMS_copySpritestoSAT              SMSlib
     000076AE  _SMS_waitForVBlank                 SMSlib
     000076BB  _SMS_getKeysStatus                 SMSlib
     000076BF  _SMS_getKeysPressed                SMSlib
     000076DC  _SMS_getKeysHeld                   SMSlib
     000076F3  _SMS_getKeysReleased               SMSlib
     00007710  _SMS_queryPauseRequested           SMSlib
     00007718  _SMS_resetPauseRequest             SMSlib
     0000771E  _SMS_setLineInterruptHandler       SMSlib
     0000772F  _SMS_setLineCounter                SMSlib
     0000773E  _SMS_getVCount                     SMSlib
     00007742  _SMS_getHCount                     SMSlib
     00007746  _SMS_isr                           SMSlib
     0000777C  _SMS_nmi_isr                       SMSlib
     0000778F  _rand                              rand
     0000784B  _srand                             rand
     00007869  __moduchar                         
     00007875  __moduint                          
     00007880  _SMS_loadSTMcompressedTileMapAre   SMSlib_STMcomp
     00007A61  ___sdcc_call_hl                    
     00007A62  _SMS_loadPSGaidencompressedTiles   SMSlib_PSGaiden
     00007B44  __modschar                         
     00007B51  __modsint                          
     00007B5D  __divsint                          
     00007B66  __divschar                         
     00007B6D  __div8                             
     00007B71  __div_signexte                     
     00007B75  __div16                            
     00007B9B  __get_remainder                    

ASxxxx Linker V03.00 + NoICE + sdld,  page 11.
Hexadecimal  [32-Bits]

Area                                    Addr        Size        Decimal Bytes (Attributes)
--------------------------------        ----        ----        ------- ----- ------------
_HEADER0                            00000000    00000006 =           6. bytes (ABS,CON)

      Value  Global                              Global Defined In Module
      -----  --------------------------------   ------------------------
     00000006  _SMS_crt0_RST08                    crt0

ASxxxx Linker V03.00 + NoICE + sdld,  page 12.
Hexadecimal  [32-Bits]

Area                                    Addr        Size        Decimal Bytes (Attributes)
--------------------------------        ----        ----        ------- ----- ------------
_HEADER1                            00000000    00000009 =           9. bytes (ABS,CON)

      Value  Global                              Global Defined In Module
      -----  --------------------------------   ------------------------
     00000011  _SMS_crt0_RST18                    crt0

ASxxxx Linker V03.00 + NoICE + sdld,  page 13.
Hexadecimal  [32-Bits]

Area                                    Addr        Size        Decimal Bytes (Attributes)
--------------------------------        ----        ----        ------- ----- ------------
_HEADER2                            00000000    0000000A =          10. bytes (ABS,CON)

      Value  Global                              Global Defined In Module
      -----  --------------------------------   ------------------------
ASxxxx Linker V03.00 + NoICE + sdld,  page 14.
Hexadecimal  [32-Bits]

Area                                    Addr        Size        Decimal Bytes (Attributes)
--------------------------------        ----        ----        ------- ----- ------------
_HEADER3                            00000000    00000003 =           3. bytes (ABS,CON)

      Value  Global                              Global Defined In Module
      -----  --------------------------------   ------------------------
ASxxxx Linker V03.00 + NoICE + sdld,  page 15.
Hexadecimal  [32-Bits]

Area                                    Addr        Size        Decimal Bytes (Attributes)
--------------------------------        ----        ----        ------- ----- ------------
_HEADER4                            00000000    00000003 =           3. bytes (ABS,CON)

      Value  Global                              Global Defined In Module
      -----  --------------------------------   ------------------------
ASxxxx Linker V03.00 + NoICE + sdld,  page 16.
Hexadecimal  [32-Bits]

Area                                    Addr        Size        Decimal Bytes (Attributes)
--------------------------------        ----        ----        ------- ----- ------------
_HEADER5                            00000000    0000012A =         298. bytes (ABS,CON)

      Value  Global                              Global Defined In Module
      -----  --------------------------------   ------------------------
     00000099  _OUTI128                           crt0
     00000119  _OUTI64                            crt0
     00000159  _OUTI32                            crt0
     00000199  _outi_block                        crt0

ASxxxx Linker V03.00 + NoICE + sdld,  page 17.
Hexadecimal  [32-Bits]

Area                                    Addr        Size        Decimal Bytes (Attributes)
--------------------------------        ----        ----        ------- ----- ------------
_INITIALIZER                        00007BA5    0000036C =         876. bytes (REL,CON)

      Value  Global                              Global Defined In Module
      -----  --------------------------------   ------------------------
ASxxxx Linker V03.00 + NoICE + sdld,  page 18.
Hexadecimal  [32-Bits]

Area                                    Addr        Size        Decimal Bytes (Attributes)
--------------------------------        ----        ----        ------- ----- ------------
_GSINIT                             00007F11    0000000F =          15. bytes (REL,CON)

      Value  Global                              Global Defined In Module
      -----  --------------------------------   ------------------------
     00007F11  gsinit                             crt0

ASxxxx Linker V03.00 + NoICE + sdld,  page 19.
Hexadecimal  [32-Bits]

Area                                    Addr        Size        Decimal Bytes (Attributes)
--------------------------------        ----        ----        ------- ----- ------------
_GSFINAL                            00007F20    00000001 =           1. bytes (REL,CON)

      Value  Global                              Global Defined In Module
      -----  --------------------------------   ------------------------
ASxxxx Linker V03.00 + NoICE + sdld,  page 20.
Hexadecimal  [32-Bits]

Area                                    Addr        Size        Decimal Bytes (Attributes)
--------------------------------        ----        ----        ------- ----- ------------
_DATA                               0000C000    00000259 =         601. bytes (REL,CON)

      Value  Global                              Global Defined In Module
      -----  --------------------------------   ------------------------
     0000C001  _PSGMusicStatus                    PSGlib
     0000C002  _PSGMusicStart                     PSGlib
     0000C004  _PSGMusicPointer                   PSGlib
     0000C006  _PSGMusicLoopPoint                 PSGlib
     0000C008  _PSGMusicSkipFrames                PSGlib
     0000C009  _PSGLoopFlag                       PSGlib
     0000C00A  _PSGMusicLastLatch                 PSGlib
     0000C00B  _PSGMusicVolumeAttenuation         PSGlib
     0000C00C  _PSGMusicSubstringLen              PSGlib
     0000C00D  _PSGMusicSubstringRetAddr          PSGlib
     0000C00F  _PSGChan0Volume                    PSGlib
     0000C010  _PSGChan1Volume                    PSGlib
     0000C011  _PSGChan2Volume                    PSGlib
     0000C012  _PSGChan3Volume                    PSGlib
     0000C013  _PSGChan2LowTone                   PSGlib
     0000C014  _PSGChan2HighTone                  PSGlib
     0000C015  _PSGChan3LowTone                   PSGlib
     0000C016  _PSGChannel2SFX                    PSGlib
     0000C017  _PSGChannel3SFX                    PSGlib
     0000C018  _PSGSFXChan2Volume                 PSGlib
     0000C019  _PSGSFXChan3Volume                 PSGlib
     0000C01A  _PSGSFXStatus                      PSGlib
     0000C01B  _PSGSFXStart                       PSGlib
     0000C01D  _PSGSFXPointer                     PSGlib
     0000C01F  _PSGSFXLoopPoint                   PSGlib
     0000C021  _PSGSFXSkipFrames                  PSGlib
     0000C022  _PSGSFXLoopFlag                    PSGlib
     0000C023  _PSGSFXSubstringLen                PSGlib
     0000C024  _PSGSFXSubstringRetAddr            PSGlib
     0000C027  _global_boss_objects               boss_manager
     0000C06A  _global_enemy_objects              enemy_manager
     0000C0E5  _global_gamer_object               gamer_manager
     0000C102  _global_hack_object                hack_manager
     0000C111  _global_level_object               level_manager
     0000C11D  _global_score_object               score_manager
     0000C129  _global_state_object               state_manager
     0000C137  _global_savegame_object            storage_manager
     0000C14A  _global_delay_object               timer_manager
     0000C14E  _global_frame_object               timer_manager
     0000C150  _global_reset_object               timer_manager
     0000C16E  _VDPBlank                          SMSlib
     0000C16F  _SMS_VDPFlags                      SMSlib
     0000C170  _PauseRequested                    SMSlib
     0000C171  _VDPType                           SMSlib
     0000C172  _KeysStatus                        SMSlib
     0000C174  _PreviousKeysStatus                SMSlib
     0000C176  _SpriteTableY                      SMSlib
     0000C1B6  _SpriteTableXN                     SMSlib
     0000C236  _SpriteNextFree                    SMSlib
     0000C237  _SMS_theLineInterruptHandler       SMSlib
ASxxxx Linker V03.00 + NoICE + sdld,  page 21.
Hexadecimal  [32-Bits]

Area                                    Addr        Size        Decimal Bytes (Attributes)
--------------------------------        ----        ----        ------- ----- ------------
_DATA                               0000C000    00000259 =         601. bytes (REL,CON)

      Value  Global                              Global Defined In Module
      -----  --------------------------------   ------------------------
     0000C239  _decompBuffer                      SMSlib_PSGaiden
ASxxxx Linker V03.00 + NoICE + sdld,  page 22.
Hexadecimal  [32-Bits]

Area                                    Addr        Size        Decimal Bytes (Attributes)
--------------------------------        ----        ----        ------- ----- ------------
_INITIALIZED                        0000C259    0000036C =         876. bytes (REL,CON)

      Value  Global                              Global Defined In Module
      -----  --------------------------------   ------------------------
     0000C27E  _sfx_object_data                   audio_object
     0000C28C  _music_object_data                 audio_object
     0000C2A2  _boss_object_tiles                 boss_object
     0000C2B4  _boss_object_color                 boss_object
     0000C2C6  _level_object_tiles_array          level_object
     0000C38A  _level_object_AAdata               level_object
     0000C452  _level_object_BBdata               level_object
     0000C51A  _locale_object_texts               locale_object
     0000C582  _locale_object_number              locale_object
     0000C5AE  _beat_walking_cmds                 beat_screen
     0000C5B2  _beat_walking_move                 beat_screen
     0000C5BD  _VDPReg                            SMSlib
     0000C5BF  _spritesHeight                     SMSlib
     0000C5C0  _spritesWidth                      SMSlib

ASxxxx Linker V03.00 + NoICE + sdld,  page 23.
Hexadecimal  [32-Bits]

Area                                    Addr        Size        Decimal Bytes (Attributes)
--------------------------------        ----        ----        ------- ----- ------------
_BANK2                              00008000    00001286 =        4742. bytes (REL,CON)

      Value  Global                              Global Defined In Module
      -----  --------------------------------   ------------------------
     00008000  _main_tiles__palette__bin          bank2
     00008010  _main_tiles__tilemap__bin          bank2
     00008148  _main_tiles__tiles__psgcompr       bank2
     00008A06  _splash__palette__bin              bank2
     00008A16  _splash__tilemap__stmcompr         bank2
     00008A5D  _splash__tiles__psgcompr           bank2
ASxxxx Linker V03.00 + NoICE + sdld,  page 24.
Hexadecimal  [32-Bits]

Area                                    Addr        Size        Decimal Bytes (Attributes)
--------------------------------        ----        ----        ------- ----- ------------
_BANK3                              00008000    00000005 =           5. bytes (REL,CON)

      Value  Global                              Global Defined In Module
      -----  --------------------------------   ------------------------
     00008000  _bank3_txt                         bank3

ASxxxx Linker V03.00 + NoICE + sdld,  page 25.
Hexadecimal  [32-Bits]

Area                                    Addr        Size        Decimal Bytes (Attributes)
--------------------------------        ----        ----        ------- ----- ------------
_BANK4                              00008000    00002EE0 =       12000. bytes (REL,CON)

      Value  Global                              Global Defined In Module
      -----  --------------------------------   ------------------------
     00008000  _level0101_txt                     bank4
     00008078  _level0102_txt                     bank4
     000080F0  _level0103_txt                     bank4
     00008168  _level0104_txt                     bank4
     000081E0  _level0105_txt                     bank4
     00008258  _level0106_txt                     bank4
     000082D0  _level0107_txt                     bank4
     00008348  _level0108_txt                     bank4
     000083C0  _level0109_txt                     bank4
     00008438  _level0110_txt                     bank4
     000084B0  _level0201_txt                     bank4
     00008528  _level0202_txt                     bank4
     000085A0  _level0203_txt                     bank4
     00008618  _level0204_txt                     bank4
     00008690  _level0205_txt                     bank4
     00008708  _level0206_txt                     bank4
     00008780  _level0207_txt                     bank4
     000087F8  _level0208_txt                     bank4
     00008870  _level0209_txt                     bank4
     000088E8  _level0210_txt                     bank4
     00008960  _level0301_txt                     bank4
     000089D8  _level0302_txt                     bank4
     00008A50  _level0303_txt                     bank4
     00008AC8  _level0304_txt                     bank4
     00008B40  _level0305_txt                     bank4
     00008BB8  _level0306_txt                     bank4
     00008C30  _level0307_txt                     bank4
     00008CA8  _level0308_txt                     bank4
     00008D20  _level0309_txt                     bank4
     00008D98  _level0310_txt                     bank4
     00008E10  _level0401_txt                     bank4
     00008E88  _level0402_txt                     bank4
     00008F00  _level0403_txt                     bank4
     00008F78  _level0404_txt                     bank4
     00008FF0  _level0405_txt                     bank4
     00009068  _level0406_txt                     bank4
     000090E0  _level0407_txt                     bank4
     00009158  _level0408_txt                     bank4
     000091D0  _level0409_txt                     bank4
     00009248  _level0410_txt                     bank4
     000092C0  _level0501_txt                     bank4
     00009338  _level0502_txt                     bank4
     000093B0  _level0503_txt                     bank4
     00009428  _level0504_txt                     bank4
     000094A0  _level0505_txt                     bank4
     00009518  _level0506_txt                     bank4
     00009590  _level0507_txt                     bank4
     00009608  _level0508_txt                     bank4
     00009680  _level0509_txt                     bank4
     000096F8  _level0510_txt                     bank4
ASxxxx Linker V03.00 + NoICE + sdld,  page 26.
Hexadecimal  [32-Bits]

Area                                    Addr        Size        Decimal Bytes (Attributes)
--------------------------------        ----        ----        ------- ----- ------------
_BANK4                              00008000    00002EE0 =       12000. bytes (REL,CON)

      Value  Global                              Global Defined In Module
      -----  --------------------------------   ------------------------
     00009770  _level0601_txt                     bank4
     000097E8  _level0602_txt                     bank4
     00009860  _level0603_txt                     bank4
     000098D8  _level0604_txt                     bank4
     00009950  _level0605_txt                     bank4
     000099C8  _level0606_txt                     bank4
     00009A40  _level0607_txt                     bank4
     00009AB8  _level0608_txt                     bank4
     00009B30  _level0609_txt                     bank4
     00009BA8  _level0610_txt                     bank4
     00009C20  _level0701_txt                     bank4
     00009C98  _level0702_txt                     bank4
     00009D10  _level0703_txt                     bank4
     00009D88  _level0704_txt                     bank4
     00009E00  _level0705_txt                     bank4
     00009E78  _level0706_txt                     bank4
     00009EF0  _level0707_txt                     bank4
     00009F68  _level0708_txt                     bank4
     00009FE0  _level0709_txt                     bank4
     0000A058  _level0710_txt                     bank4
     0000A0D0  _level0801_txt                     bank4
     0000A148  _level0802_txt                     bank4
     0000A1C0  _level0803_txt                     bank4
     0000A238  _level0804_txt                     bank4
     0000A2B0  _level0805_txt                     bank4
     0000A328  _level0806_txt                     bank4
     0000A3A0  _level0807_txt                     bank4
     0000A418  _level0808_txt                     bank4
     0000A490  _level0809_txt                     bank4
     0000A508  _level0810_txt                     bank4
     0000A580  _level0901_txt                     bank4
     0000A5F8  _level0902_txt                     bank4
     0000A670  _level0903_txt                     bank4
     0000A6E8  _level0904_txt                     bank4
     0000A760  _level0905_txt                     bank4
     0000A7D8  _level0906_txt                     bank4
     0000A850  _level0907_txt                     bank4
     0000A8C8  _level0908_txt                     bank4
     0000A940  _level0909_txt                     bank4
     0000A9B8  _level0910_txt                     bank4
     0000AA30  _level1001_txt                     bank4
     0000AAA8  _level1002_txt                     bank4
     0000AB20  _level1003_txt                     bank4
     0000AB98  _level1004_txt                     bank4
     0000AC10  _level1005_txt                     bank4
     0000AC88  _level1006_txt                     bank4
     0000AD00  _level1007_txt                     bank4
     0000AD78  _level1008_txt                     bank4
     0000ADF0  _level1009_txt                     bank4
     0000AE68  _level1010_txt                     bank4

ASxxxx Linker V03.00 + NoICE + sdld,  page 27.
Hexadecimal  [32-Bits]

Area                                    Addr        Size        Decimal Bytes (Attributes)
--------------------------------        ----        ----        ------- ----- ------------
_BANK5                              00008000    00002EE0 =       12000. bytes (REL,CON)

      Value  Global                              Global Defined In Module
      -----  --------------------------------   ------------------------
     00008000  _level1101_txt                     bank5
     00008078  _level1102_txt                     bank5
     000080F0  _level1103_txt                     bank5
     00008168  _level1104_txt                     bank5
     000081E0  _level1105_txt                     bank5
     00008258  _level1106_txt                     bank5
     000082D0  _level1107_txt                     bank5
     00008348  _level1108_txt                     bank5
     000083C0  _level1109_txt                     bank5
     00008438  _level1110_txt                     bank5
     000084B0  _level1201_txt                     bank5
     00008528  _level1202_txt                     bank5
     000085A0  _level1203_txt                     bank5
     00008618  _level1204_txt                     bank5
     00008690  _level1205_txt                     bank5
     00008708  _level1206_txt                     bank5
     00008780  _level1207_txt                     bank5
     000087F8  _level1208_txt                     bank5
     00008870  _level1209_txt                     bank5
     000088E8  _level1210_txt                     bank5
     00008960  _level1301_txt                     bank5
     000089D8  _level1302_txt                     bank5
     00008A50  _level1303_txt                     bank5
     00008AC8  _level1304_txt                     bank5
     00008B40  _level1305_txt                     bank5
     00008BB8  _level1306_txt                     bank5
     00008C30  _level1307_txt                     bank5
     00008CA8  _level1308_txt                     bank5
     00008D20  _level1309_txt                     bank5
     00008D98  _level1310_txt                     bank5
     00008E10  _level1401_txt                     bank5
     00008E88  _level1402_txt                     bank5
     00008F00  _level1403_txt                     bank5
     00008F78  _level1404_txt                     bank5
     00008FF0  _level1405_txt                     bank5
     00009068  _level1406_txt                     bank5
     000090E0  _level1407_txt                     bank5
     00009158  _level1408_txt                     bank5
     000091D0  _level1409_txt                     bank5
     00009248  _level1410_txt                     bank5
     000092C0  _level1501_txt                     bank5
     00009338  _level1502_txt                     bank5
     000093B0  _level1503_txt                     bank5
     00009428  _level1504_txt                     bank5
     000094A0  _level1505_txt                     bank5
     00009518  _level1506_txt                     bank5
     00009590  _level1507_txt                     bank5
     00009608  _level1508_txt                     bank5
     00009680  _level1509_txt                     bank5
     000096F8  _level1510_txt                     bank5
ASxxxx Linker V03.00 + NoICE + sdld,  page 28.
Hexadecimal  [32-Bits]

Area                                    Addr        Size        Decimal Bytes (Attributes)
--------------------------------        ----        ----        ------- ----- ------------
_BANK5                              00008000    00002EE0 =       12000. bytes (REL,CON)

      Value  Global                              Global Defined In Module
      -----  --------------------------------   ------------------------
     00009770  _level1601_txt                     bank5
     000097E8  _level1602_txt                     bank5
     00009860  _level1603_txt                     bank5
     000098D8  _level1604_txt                     bank5
     00009950  _level1605_txt                     bank5
     000099C8  _level1606_txt                     bank5
     00009A40  _level1607_txt                     bank5
     00009AB8  _level1608_txt                     bank5
     00009B30  _level1609_txt                     bank5
     00009BA8  _level1610_txt                     bank5
     00009C20  _level1701_txt                     bank5
     00009C98  _level1702_txt                     bank5
     00009D10  _level1703_txt                     bank5
     00009D88  _level1704_txt                     bank5
     00009E00  _level1705_txt                     bank5
     00009E78  _level1706_txt                     bank5
     00009EF0  _level1707_txt                     bank5
     00009F68  _level1708_txt                     bank5
     00009FE0  _level1709_txt                     bank5
     0000A058  _level1710_txt                     bank5
     0000A0D0  _level1801_txt                     bank5
     0000A148  _level1802_txt                     bank5
     0000A1C0  _level1803_txt                     bank5
     0000A238  _level1804_txt                     bank5
     0000A2B0  _level1805_txt                     bank5
     0000A328  _level1806_txt                     bank5
     0000A3A0  _level1807_txt                     bank5
     0000A418  _level1808_txt                     bank5
     0000A490  _level1809_txt                     bank5
     0000A508  _level1810_txt                     bank5
     0000A580  _level1901_txt                     bank5
     0000A5F8  _level1902_txt                     bank5
     0000A670  _level1903_txt                     bank5
     0000A6E8  _level1904_txt                     bank5
     0000A760  _level1905_txt                     bank5
     0000A7D8  _level1906_txt                     bank5
     0000A850  _level1907_txt                     bank5
     0000A8C8  _level1908_txt                     bank5
     0000A940  _level1909_txt                     bank5
     0000A9B8  _level1910_txt                     bank5
     0000AA30  _level2001_txt                     bank5
     0000AAA8  _level2002_txt                     bank5
     0000AB20  _level2003_txt                     bank5
     0000AB98  _level2004_txt                     bank5
     0000AC10  _level2005_txt                     bank5
     0000AC88  _level2006_txt                     bank5
     0000AD00  _level2007_txt                     bank5
     0000AD78  _level2008_txt                     bank5
     0000ADF0  _level2009_txt                     bank5
     0000AE68  _level2010_txt                     bank5

ASxxxx Linker V03.00 + NoICE + sdld,  page 29.
Hexadecimal  [32-Bits]

Area                                    Addr        Size        Decimal Bytes (Attributes)
--------------------------------        ----        ----        ------- ----- ------------
_BANK6                              00008000    00001C47 =        7239. bytes (REL,CON)

      Value  Global                              Global Defined In Module
      -----  --------------------------------   ------------------------
     00008000  _beats0000_txt                     bank6
     00008078  _mus_beat_psg                      bank6
     0000869D  _mus_cont_psg                      bank6
     000096C4  _mus_level_psg                     bank6
     000098D6  _mus_over_psg                      bank6

ASxxxx Linker V03.00 + NoICE + sdld,  page 30.
Hexadecimal  [32-Bits]

Area                                    Addr        Size        Decimal Bytes (Attributes)
--------------------------------        ----        ----        ------- ----- ------------
_BANK7                              00008000    00002029 =        8233. bytes (REL,CON)

      Value  Global                              Global Defined In Module
      -----  --------------------------------   ------------------------
     00008000  _mus_game01_psg                    bank7

ASxxxx Linker V03.00 + NoICE + sdld,  page 31.
Hexadecimal  [32-Bits]

Area                                    Addr        Size        Decimal Bytes (Attributes)
--------------------------------        ----        ----        ------- ----- ------------
_BANK8                              00008000    00001F11 =        7953. bytes (REL,CON)

      Value  Global                              Global Defined In Module
      -----  --------------------------------   ------------------------
     00008000  _mus_game02_psg                    bank8

ASxxxx Linker V03.00 + NoICE + sdld,  page 32.
Hexadecimal  [32-Bits]

Area                                    Addr        Size        Decimal Bytes (Attributes)
--------------------------------        ----        ----        ------- ----- ------------
_BANK9                              00008000    000026D4 =        9940. bytes (REL,CON)

      Value  Global                              Global Defined In Module
      -----  --------------------------------   ------------------------
     00008000  _mus_game03_psg                    bank9

ASxxxx Linker V03.00 + NoICE + sdld,  page 33.
Hexadecimal  [32-Bits]

Area                                    Addr        Size        Decimal Bytes (Attributes)
--------------------------------        ----        ----        ------- ----- ------------
_BANK10                             00008000    00001278 =        4728. bytes (REL,CON)

      Value  Global                              Global Defined In Module
      -----  --------------------------------   ------------------------
     00008000  _mus_candykid_psg                  bank10

ASxxxx Linker V03.00 + NoICE + sdld,  page 34.
Hexadecimal  [32-Bits]

Area                                    Addr        Size        Decimal Bytes (Attributes)
--------------------------------        ----        ----        ------- ----- ------------
_BANK11                             00008000    000021FB =        8699. bytes (REL,CON)

      Value  Global                              Global Defined In Module
      -----  --------------------------------   ------------------------
     00008000  _boss32_00__palette__bin           bank11
     00008010  _boss32_00__tiles__psgcompr        bank11
     0000864E  _boss32_01__palette__bin           bank11
     0000865E  _boss32_01__tiles__psgcompr        bank11
     00008D18  _boss32_02__palette__bin           bank11
     00008D28  _boss32_02__tiles__psgcompr        bank11
     00009402  _mus_boss01_psg                    bank11

ASxxxx Linker V03.00 + NoICE + sdld,  page 35.
Hexadecimal  [32-Bits]

Area                                    Addr        Size        Decimal Bytes (Attributes)
--------------------------------        ----        ----        ------- ----- ------------
_BANK12                             00008000    00002398 =        9112. bytes (REL,CON)

      Value  Global                              Global Defined In Module
      -----  --------------------------------   ------------------------
     00008000  _boss64_00__palette__bin           bank12
     00008010  _boss64_00__tiles__psgcompr        bank12
     00008552  _boss64_01__palette__bin           bank12
     00008562  _boss64_01__tiles__psgcompr        bank12
     00008AF8  _boss64_02__palette__bin           bank12
     00008B08  _boss64_02__tiles__psgcompr        bank12
     00009054  _mus_boss02_psg                    bank12

ASxxxx Linker V03.00 + NoICE + sdld,  page 36.
Hexadecimal  [32-Bits]

Area                                    Addr        Size        Decimal Bytes (Attributes)
--------------------------------        ----        ----        ------- ----- ------------
_BANK13                             00008000    00003E1B =       15899. bytes (REL,CON)

      Value  Global                              Global Defined In Module
      -----  --------------------------------   ------------------------
     00008000  _boss64_03__palette__bin           bank13
     00008010  _boss64_03__tiles__psgcompr        bank13
     00008554  _boss64_04__palette__bin           bank13
     00008564  _boss64_04__tiles__psgcompr        bank13
     00008B3E  _boss64_05__palette__bin           bank13
     00008B4E  _boss64_05__tiles__psgcompr        bank13
     0000909E  _mus_boss03_psg                    bank13

ASxxxx Linker V03.00 + NoICE + sdld,  page 37.
Hexadecimal  [32-Bits]

Area                                    Addr        Size        Decimal Bytes (Attributes)
--------------------------------        ----        ----        ------- ----- ------------
_BANK14                             00008000    00000006 =           6. bytes (REL,CON)

      Value  Global                              Global Defined In Module
      -----  --------------------------------   ------------------------
     00008000  _bank14_txt                        bank14

ASxxxx Linker V03.00 + NoICE + sdld,  page 38.
Hexadecimal  [32-Bits]

Area                                    Addr        Size        Decimal Bytes (Attributes)
--------------------------------        ----        ----        ------- ----- ------------
_BANK15                             00008000    00000006 =           6. bytes (REL,CON)

      Value  Global                              Global Defined In Module
      -----  --------------------------------   ------------------------
     00008000  _bank15_txt                        bank15

ASxxxx Linker V03.00 + NoICE + sdld,  page 39.
Hexadecimal  [32-Bits]

Area                                    Addr        Size        Decimal Bytes (Attributes)
--------------------------------        ----        ----        ------- ----- ------------
_CABS0                              00000000    00000010 =          16. bytes (ABS,CON)

      Value  Global                              Global Defined In Module
      -----  --------------------------------   ------------------------
     00007FF0  ___SMS__SEGA_signature             _sms_manager

ASxxxx Linker V03.00 + NoICE + sdld,  page 40.
Hexadecimal  [32-Bits]

Area                                    Addr        Size        Decimal Bytes (Attributes)
--------------------------------        ----        ----        ------- ----- ------------
_CABS1                              00000000    0000000E =          14. bytes (ABS,CON)

      Value  Global                              Global Defined In Module
      -----  --------------------------------   ------------------------
     00007FD2  ___SMS__SDSC_author                _sms_manager

ASxxxx Linker V03.00 + NoICE + sdld,  page 41.
Hexadecimal  [32-Bits]

Area                                    Addr        Size        Decimal Bytes (Attributes)
--------------------------------        ----        ----        ------- ----- ------------
_CABS2                              00000000    0000000A =          10. bytes (ABS,CON)

      Value  Global                              Global Defined In Module
      -----  --------------------------------   ------------------------
     00007FC8  ___SMS__SDSC_name                  _sms_manager

ASxxxx Linker V03.00 + NoICE + sdld,  page 42.
Hexadecimal  [32-Bits]

Area                                    Addr        Size        Decimal Bytes (Attributes)
--------------------------------        ----        ----        ------- ----- ------------
_CABS3                              00000000    00000033 =          51. bytes (ABS,CON)

      Value  Global                              Global Defined In Module
      -----  --------------------------------   ------------------------
     00007F95  ___SMS__SDSC_descr                 _sms_manager

ASxxxx Linker V03.00 + NoICE + sdld,  page 43.
Hexadecimal  [32-Bits]

Area                                    Addr        Size        Decimal Bytes (Attributes)
--------------------------------        ----        ----        ------- ----- ------------
_CABS4                              00000000    00000010 =          16. bytes (ABS,CON)

      Value  Global                              Global Defined In Module
      -----  --------------------------------   ------------------------
     00007FE0  ___SMS__SDSC_signature             _sms_manager

ASxxxx Linker V03.00 + NoICE + sdld,  page 44.

Files Linked                              [ module(s) ]

..\crt0\crt0_sms.rel                      [ crt0 ]
main.rel                                  [ main ]
..\lib\PSGlib.rel                         [ PSGlib ]
engine\enum_manager.rel                   [ enum_manager ]
engine\global_manager.rel                 [ global_manager ]
banks\bank2.rel                           [ bank2 ]
banks\bank3.rel                           [ bank3 ]
banks\bank4.rel                           [ bank4 ]
banks\bank5.rel                           [ bank5 ]
banks\bank6.rel                           [ bank6 ]
banks\bank7.rel                           [ bank7 ]
banks\bank8.rel                           [ bank8 ]
banks\bank9.rel                           [ bank9 ]
banks\bank10.rel                          [ bank10 ]
banks\bank11.rel                          [ bank11 ]
banks\bank12.rel                          [ bank12 ]
banks\bank13.rel                          [ bank13 ]
banks\bank14.rel                          [ bank14 ]
banks\bank15.rel                          [ bank15 ]
devkit\_sms_manager.rel                   [ _sms_manager ]
devkit\_snd_manager.rel                   [ _snd_manager ]
engine\actor_manager.rel                  [ actor_manager ]
engine\asm_manager.rel                    [ asm_manager ]
engine\audio_manager.rel                  [ audio_manager ]
engine\board_manager.rel                  [ board_manager ]
engine\boss_manager.rel                   [ boss_manager ]
engine\collision_manager.rel              [ collision_manager ]
engine\content_manager.rel                [ content_manager ]
engine\enum_manager.rel                   [ enum_manager ]
engine\enemy_manager.rel                  [ enemy_manager ]
engine\font_manager.rel                   [ font_manager ]
engine\function_manager.rel               [ function_manager ]
engine\gamer_manager.rel                  [ gamer_manager ]
engine\hack_manager.rel                   [ hack_manager ]
engine\input_manager.rel                  [ input_manager ]
engine\level_manager.rel                  [ level_manager ]
engine\locale_manager.rel                 [ locale_manager ]
engine\main_manager.rel                   [ main_manager ]
engine\mask_manager.rel                   [ mask_manager ]
engine\memo_manager.rel                   [ memo_manager ]
engine\move_manager.rel                   [ move_manager ]
engine\option_manager.rel                 [ option_manager ]
engine\score_manager.rel                  [ score_manager ]
engine\screen_manager.rel                 [ screen_manager ]
engine\sprite_manager.rel                 [ sprite_manager ]
engine\state_manager.rel                  [ state_manager ]
engine\storage_manager.rel                [ storage_manager ]
engine\timer_manager.rel                  [ timer_manager ]
engine\tile_manager.rel                   [ tile_manager ]
object\audio_object.rel                   [ audio_object ]
object\board_object.rel                   [ board_object ]
object\boss_object.rel                    [ boss_object ]
object\enemy_object.rel                   [ enemy_object ]
object\gamer_object.rel                   [ gamer_object ]
object\hack_object.rel                    [ hack_object ]
object\move_object.rel                    [ move_object ]
object\level_object.rel                   [ level_object ]
object\locale_object.rel                  [ locale_object ]
object\score_object.rel                   [ score_object ]
object\state_object.rel                   [ state_object ]
object\storage_object.rel                 [ storage_object ]
object\timer_object.rel                   [ timer_object ]
screen\none_screen.rel                    [ none_screen ]
screen\splash_screen.rel                  [ splash_screen ]
screen\begin_screen.rel                   [ begin_screen ]
screen\intro_screen.rel                   [ intro_screen ]
screen\title_screen.rel                   [ title_screen ]
screen\start_screen.rel                   [ start_screen ]
screen\init_screen.rel                    [ init_screen ]
screen\load_screen.rel                    [ load_screen ]
screen\ready_screen.rel                   [ ready_screen ]
screen\play_screen.rel                    [ play_screen ]
screen\pass_screen.rel                    [ pass_screen ]
screen\dead_screen.rel                    [ dead_screen ]
screen\cont_screen.rel                    [ cont_screen ]
screen\over_screen.rel                    [ over_screen ]
screen\prep_screen.rel                    [ prep_screen ]
screen\fight_screen.rel                   [ fight_screen ]
screen\boss_screen.rel                    [ boss_screen ]
screen\beat_screen.rel                    [ beat_screen ]
screen\option_screen.rel                  [ option_screen ]
screen\credit_screen.rel                  [ credit_screen ]
screen\test_screen.rel                    [ test_screen ]
gfx.rel                                   [ gfx ]
psg.rel                                   [ psg ]


Libraries Linked                          [ object file ]

C:\Program Files\SDCC\bin\..\lib\z80/z80.lib
                                          [ divunsigned.rel ]
..\lib\SMSlib.lib                         [ SMSlib_UNSAFE.rel ]
..\lib\SMSlib.lib                         [ SMSlib.rel ]
C:\Program Files\SDCC\bin\..\lib\z80/z80.lib
                                          [ rand.rel ]
C:\Program Files\SDCC\bin\..\lib\z80/z80.lib
                                          [ modunsigned.rel ]
..\lib\SMSlib.lib                         [ SMSlib_STMcomp.rel ]
C:\Program Files\SDCC\bin\..\lib\z80/z80.lib
                                          [ __sdcc_call_hl.rel ]
..\lib\SMSlib.lib                         [ SMSlib_PSGaiden.rel ]
C:\Program Files\SDCC\bin\..\lib\z80/z80.lib
                                          [ modsigned.rel ]
C:\Program Files\SDCC\bin\..\lib\z80/z80.lib
                                          [ divsigned.rel ]

ASxxxx Linker V03.00 + NoICE + sdld,  page 45.

User Base Address Definitions

_CODE = 0x0200
_DATA = 0xc000
_BANK2=0x8000
_BANK3=0x8000
_BANK4=0x8000
_BANK5=0x8000
_BANK6=0x8000
_BANK7=0x8000
_BANK8=0x8000
_BANK9=0x8000
_BANK10=0x8000
_BANK11=0x8000
_BANK12=0x8000
_BANK13=0x8000
_BANK14=0x8000
_BANK15=0x8000

